2026-05-06 22:56:43 [ERROR]: uncaughtException: listen EADDRINUSE: address already in use :::5000
Error: listen EADDRINUSE: address already in use :::5000
    at Server.setupListenHandle [as _listen2] (node:net:1940:16)
    at listenInCluster (node:net:1997:12)
    at Server.listen (node:net:2102:7)
    at Function.listen (D:\School_Managment\school-management-system\school-management-system\backend\node_modules\express\lib\application.js:635:24)
    at startServer (D:\School_Managment\school-management-system\school-management-system\backend\server.js:34:24)
    at process.processTicksAndRejections (node:internal/process/task_queues:105:5) {
  "error": {
    "code": "EADDRINUSE",
    "errno": -4091,
    "syscall": "listen",
    "address": "::",
    "port": 5000
  },
  "stack": "Error: listen EADDRINUSE: address already in use :::5000\n    at Server.setupListenHandle [as _listen2] (node:net:1940:16)\n    at listenInCluster (node:net:1997:12)\n    at Server.listen (node:net:2102:7)\n    at Function.listen (D:\\School_Managment\\school-management-system\\school-management-system\\backend\\node_modules\\express\\lib\\application.js:635:24)\n    at startServer (D:\\School_Managment\\school-management-system\\school-management-system\\backend\\server.js:34:24)\n    at process.processTicksAndRejections (node:internal/process/task_queues:105:5)",
  "exception": true,
  "date": "Wed May 06 2026 22:56:43 GMT+0545 (Nepal Time)",
  "process": {
    "pid": 4512,
    "uid": null,
    "gid": null,
    "cwd": "D:\\School_Managment\\school-management-system\\school-management-system\\backend",
    "execPath": "C:\\Program Files\\nodejs\\node.exe",
    "version": "v22.18.0",
    "argv": [
      "C:\\Program Files\\nodejs\\node.exe",
      "D:\\School_Managment\\school-management-system\\school-management-system\\backend\\server.js"
    ],
    "memoryUsage": {
      "rss": 103239680,
      "heapTotal": 61194240,
      "heapUsed": 36662272,
      "external": 20813280,
      "arrayBuffers": 18297958
    }
  },
  "os": {
    "loadavg": [
      0,
      0,
      0
    ],
    "uptime": 3170.218
  },
  "trace": [
    {
      "column": 16,
      "file": "node:net",
      "function": "Server.setupListenHandle [as _listen2]",
      "line": 1940,
      "method": "setupListenHandle [as _listen2]",
      "native": false
    },
    {
      "column": 12,
      "file": "node:net",
      "function": "listenInCluster",
      "line": 1997,
      "method": null,
      "native": false
    },
    {
      "column": 7,
      "file": "node:net",
      "function": "Server.listen",
      "line": 2102,
      "method": "listen",
      "native": false
    },
    {
      "column": 24,
      "file": "D:\\School_Managment\\school-management-system\\school-management-system\\backend\\node_modules\\express\\lib\\application.js",
      "function": "Function.listen",
      "line": 635,
      "method": "listen",
      "native": false
    },
    {
      "column": 24,
      "file": "D:\\School_Managment\\school-management-system\\school-management-system\\backend\\server.js",
      "function": "startServer",
      "line": 34,
      "method": null,
      "native": false
    },
    {
      "column": 5,
      "file": "node:internal/process/task_queues",
      "function": "process.processTicksAndRejections",
      "line": 105,
      "method": "processTicksAndRejections",
      "native": false
    }
  ],
  "service": "sms-api"
}
2026-05-26 22:53:08 [ERROR]: uncaughtException: listen EADDRINUSE: address already in use :::5000
Error: listen EADDRINUSE: address already in use :::5000
    at Server.setupListenHandle [as _listen2] (node:net:1940:16)
    at listenInCluster (node:net:1997:12)
    at Server.listen (node:net:2102:7)
    at Function.listen (D:\School_Managment\school-management-system\school-management-system\backend\node_modules\express\lib\application.js:635:24)
    at startServer (D:\School_Managment\school-management-system\school-management-system\backend\server.js:34:24)
    at process.processTicksAndRejections (node:internal/process/task_queues:105:5) {
  "error": {
    "code": "EADDRINUSE",
    "errno": -4091,
    "syscall": "listen",
    "address": "::",
    "port": 5000
  },
  "stack": "Error: listen EADDRINUSE: address already in use :::5000\n    at Server.setupListenHandle [as _listen2] (node:net:1940:16)\n    at listenInCluster (node:net:1997:12)\n    at Server.listen (node:net:2102:7)\n    at Function.listen (D:\\School_Managment\\school-management-system\\school-management-system\\backend\\node_modules\\express\\lib\\application.js:635:24)\n    at startServer (D:\\School_Managment\\school-management-system\\school-management-system\\backend\\server.js:34:24)\n    at process.processTicksAndRejections (node:internal/process/task_queues:105:5)",
  "exception": true,
  "date": "Tue May 26 2026 22:53:08 GMT+0545 (Nepal Time)",
  "process": {
    "pid": 19112,
    "uid": null,
    "gid": null,
    "cwd": "D:\\School_Managment\\school-management-system\\school-management-system\\backend",
    "execPath": "C:\\Program Files\\nodejs\\node.exe",
    "version": "v22.18.0",
    "argv": [
      "C:\\Program Files\\nodejs\\node.exe",
      "D:\\School_Managment\\school-management-system\\school-management-system\\backend\\server.js"
    ],
    "memoryUsage": {
      "rss": 125792256,
      "heapTotal": 78233600,
      "heapUsed": 44595384,
      "external": 20813280,
      "arrayBuffers": 18297958
    }
  },
  "os": {
    "loadavg": [
      0,
      0,
      0
    ],
    "uptime": 5491.953
  },
  "trace": [
    {
      "column": 16,
      "file": "node:net",
      "function": "Server.setupListenHandle [as _listen2]",
      "line": 1940,
      "method": "setupListenHandle [as _listen2]",
      "native": false
    },
    {
      "column": 12,
      "file": "node:net",
      "function": "listenInCluster",
      "line": 1997,
      "method": null,
      "native": false
    },
    {
      "column": 7,
      "file": "node:net",
      "function": "Server.listen",
      "line": 2102,
      "method": "listen",
      "native": false
    },
    {
      "column": 24,
      "file": "D:\\School_Managment\\school-management-system\\school-management-system\\backend\\node_modules\\express\\lib\\application.js",
      "function": "Function.listen",
      "line": 635,
      "method": "listen",
      "native": false
    },
    {
      "column": 24,
      "file": "D:\\School_Managment\\school-management-system\\school-management-system\\backend\\server.js",
      "function": "startServer",
      "line": 34,
      "method": null,
      "native": false
    },
    {
      "column": 5,
      "file": "node:internal/process/task_queues",
      "function": "process.processTicksAndRejections",
      "line": 105,
      "method": "processTicksAndRejections",
      "native": false
    }
  ],
  "service": "sms-api"
}
2026-05-26 23:43:29 [ERROR]: uncaughtException: listen EADDRINUSE: address already in use :::5000
Error: listen EADDRINUSE: address already in use :::5000
    at Server.setupListenHandle [as _listen2] (node:net:1940:16)
    at listenInCluster (node:net:1997:12)
    at Server.listen (node:net:2102:7)
    at Function.listen (D:\School_Managment\school-management-system\school-management-system\backend\node_modules\express\lib\application.js:635:24)
    at startServer (D:\School_Managment\school-management-system\school-management-system\backend\server.js:34:24)
    at process.processTicksAndRejections (node:internal/process/task_queues:105:5) {
  "error": {
    "code": "EADDRINUSE",
    "errno": -4091,
    "syscall": "listen",
    "address": "::",
    "port": 5000
  },
  "stack": "Error: listen EADDRINUSE: address already in use :::5000\n    at Server.setupListenHandle [as _listen2] (node:net:1940:16)\n    at listenInCluster (node:net:1997:12)\n    at Server.listen (node:net:2102:7)\n    at Function.listen (D:\\School_Managment\\school-management-system\\school-management-system\\backend\\node_modules\\express\\lib\\application.js:635:24)\n    at startServer (D:\\School_Managment\\school-management-system\\school-management-system\\backend\\server.js:34:24)\n    at process.processTicksAndRejections (node:internal/process/task_queues:105:5)",
  "exception": true,
  "date": "Tue May 26 2026 23:43:29 GMT+0545 (Nepal Time)",
  "process": {
    "pid": 16344,
    "uid": null,
    "gid": null,
    "cwd": "D:\\School_Managment\\school-management-system\\school-management-system\\backend",
    "execPath": "C:\\Program Files\\nodejs\\node.exe",
    "version": "v22.18.0",
    "argv": [
      "C:\\Program Files\\nodejs\\node.exe",
      "D:\\School_Managment\\school-management-system\\school-management-system\\backend\\server.js"
    ],
    "memoryUsage": {
      "rss": 124252160,
      "heapTotal": 77971456,
      "heapUsed": 44712136,
      "external": 20813280,
      "arrayBuffers": 18297958
    }
  },
  "os": {
    "loadavg": [
      0,
      0,
      0
    ],
    "uptime": 8513.609
  },
  "trace": [
    {
      "column": 16,
      "file": "node:net",
      "function": "Server.setupListenHandle [as _listen2]",
      "line": 1940,
      "method": "setupListenHandle [as _listen2]",
      "native": false
    },
    {
      "column": 12,
      "file": "node:net",
      "function": "listenInCluster",
      "line": 1997,
      "method": null,
      "native": false
    },
    {
      "column": 7,
      "file": "node:net",
      "function": "Server.listen",
      "line": 2102,
      "method": "listen",
      "native": false
    },
    {
      "column": 24,
      "file": "D:\\School_Managment\\school-management-system\\school-management-system\\backend\\node_modules\\express\\lib\\application.js",
      "function": "Function.listen",
      "line": 635,
      "method": "listen",
      "native": false
    },
    {
      "column": 24,
      "file": "D:\\School_Managment\\school-management-system\\school-management-system\\backend\\server.js",
      "function": "startServer",
      "line": 34,
      "method": null,
      "native": false
    },
    {
      "column": 5,
      "file": "node:internal/process/task_queues",
      "function": "process.processTicksAndRejections",
      "line": 105,
      "method": "processTicksAndRejections",
      "native": false
    }
  ],
  "service": "sms-api"
}
2026-05-27 09:12:34 [ERROR]: uncaughtException: listen EADDRINUSE: address already in use :::5000
Error: listen EADDRINUSE: address already in use :::5000
    at Server.setupListenHandle [as _listen2] (node:net:1940:16)
    at listenInCluster (node:net:1997:12)
    at Server.listen (node:net:2102:7)
    at Function.listen (D:\School_Managment\school-management-system\school-management-system\backend\node_modules\express\lib\application.js:635:24)
    at startServer (D:\School_Managment\school-management-system\school-management-system\backend\server.js:34:24)
    at process.processTicksAndRejections (node:internal/process/task_queues:105:5) {
  "error": {
    "code": "EADDRINUSE",
    "errno": -4091,
    "syscall": "listen",
    "address": "::",
    "port": 5000
  },
  "stack": "Error: listen EADDRINUSE: address already in use :::5000\n    at Server.setupListenHandle [as _listen2] (node:net:1940:16)\n    at listenInCluster (node:net:1997:12)\n    at Server.listen (node:net:2102:7)\n    at Function.listen (D:\\School_Managment\\school-management-system\\school-management-system\\backend\\node_modules\\express\\lib\\application.js:635:24)\n    at startServer (D:\\School_Managment\\school-management-system\\school-management-system\\backend\\server.js:34:24)\n    at process.processTicksAndRejections (node:internal/process/task_queues:105:5)",
  "exception": true,
  "date": "Wed May 27 2026 09:12:34 GMT+0545 (Nepal Time)",
  "process": {
    "pid": 16048,
    "uid": null,
    "gid": null,
    "cwd": "D:\\School_Managment\\school-management-system\\school-management-system\\backend",
    "execPath": "C:\\Program Files\\nodejs\\node.exe",
    "version": "v22.18.0",
    "argv": [
      "C:\\Program Files\\nodejs\\node.exe",
      "D:\\School_Managment\\school-management-system\\school-management-system\\backend\\server.js"
    ],
    "memoryUsage": {
      "rss": 124178432,
      "heapTotal": 78495744,
      "heapUsed": 44906600,
      "external": 20813280,
      "arrayBuffers": 18297958
    }
  },
  "os": {
    "loadavg": [
      0,
      0,
      0
    ],
    "uptime": 42659.656
  },
  "trace": [
    {
      "column": 16,
      "file": "node:net",
      "function": "Server.setupListenHandle [as _listen2]",
      "line": 1940,
      "method": "setupListenHandle [as _listen2]",
      "native": false
    },
    {
      "column": 12,
      "file": "node:net",
      "function": "listenInCluster",
      "line": 1997,
      "method": null,
      "native": false
    },
    {
      "column": 7,
      "file": "node:net",
      "function": "Server.listen",
      "line": 2102,
      "method": "listen",
      "native": false
    },
    {
      "column": 24,
      "file": "D:\\School_Managment\\school-management-system\\school-management-system\\backend\\node_modules\\express\\lib\\application.js",
      "function": "Function.listen",
      "line": 635,
      "method": "listen",
      "native": false
    },
    {
      "column": 24,
      "file": "D:\\School_Managment\\school-management-system\\school-management-system\\backend\\server.js",
      "function": "startServer",
      "line": 34,
      "method": null,
      "native": false
    },
    {
      "column": 5,
      "file": "node:internal/process/task_queues",
      "function": "process.processTicksAndRejections",
      "line": 105,
      "method": "processTicksAndRejections",
      "native": false
    }
  ],
  "service": "sms-api"
}
